f:\tools\wxwidgits\exercise\wxwidgits\wxwidgits\x64\debug\vc145.pdb
f:\tools\wxwidgits\exercise\wxwidgits\wxwidgits\x64\debug\vc145.idb
f:\tools\wxwidgits\exercise\wxwidgits\wxwidgits\x64\debug\main.obj
f:\tools\wxwidgits\exercise\wxwidgits\wxwidgits\x64\debug\noname.obj
f:\tools\wxwidgits\exercise\wxwidgits\x64\debug\wxwidgits.pdb
f:\tools\wxwidgits\exercise\wxwidgits\wxwidgits\x64\debug\wxwidgits.tlog\cl.command.1.tlog
f:\tools\wxwidgits\exercise\wxwidgits\wxwidgits\x64\debug\wxwidgits.tlog\cl.read.1.tlog
f:\tools\wxwidgits\exercise\wxwidgits\wxwidgits\x64\debug\wxwidgits.tlog\cl.write.1.tlog
f:\tools\wxwidgits\exercise\wxwidgits\wxwidgits\x64\debug\wxwidgits.tlog\link-cvtres.read.1.tlog
f:\tools\wxwidgits\exercise\wxwidgits\wxwidgits\x64\debug\wxwidgits.tlog\link-cvtres.write.1.tlog
f:\tools\wxwidgits\exercise\wxwidgits\wxwidgits\x64\debug\wxwidgits.tlog\link-mt.read.1.tlog
f:\tools\wxwidgits\exercise\wxwidgits\wxwidgits\x64\debug\wxwidgits.tlog\link-mt.write.1.tlog
f:\tools\wxwidgits\exercise\wxwidgits\wxwidgits\x64\debug\wxwidgits.tlog\link-rc.read.1.tlog
f:\tools\wxwidgits\exercise\wxwidgits\wxwidgits\x64\debug\wxwidgits.tlog\link-rc.write.1.tlog
f:\tools\wxwidgits\exercise\wxwidgits\wxwidgits\x64\debug\wxwidgits.tlog\link.command.1.tlog
f:\tools\wxwidgits\exercise\wxwidgits\wxwidgits\x64\debug\wxwidgits.tlog\link.read.1.tlog
f:\tools\wxwidgits\exercise\wxwidgits\wxwidgits\x64\debug\wxwidgits.tlog\link.read.2.tlog
f:\tools\wxwidgits\exercise\wxwidgits\wxwidgits\x64\debug\wxwidgits.tlog\link.read.3.tlog
f:\tools\wxwidgits\exercise\wxwidgits\wxwidgits\x64\debug\wxwidgits.tlog\link.read.4.tlog
f:\tools\wxwidgits\exercise\wxwidgits\wxwidgits\x64\debug\wxwidgits.tlog\link.write.1.tlog
